// Jest Snapshot v1, https://goo.gl/fbAQLP

exports[`expect to render PaginationController component 1`] = `ShallowWrapper {}`;
