// Jest Snapshot v1, https://goo.gl/fbAQLP

exports[`expect to render ListData component 1`] = `ShallowWrapper {}`;
