// Jest Snapshot v1, https://goo.gl/fbAQLP

exports[`expect to render Table component 1`] = `ShallowWrapper {}`;
