// Jest Snapshot v1, https://goo.gl/fbAQLP

exports[`expect to render Chart component 1`] = `ShallowWrapper {}`;
