// Jest Snapshot v1, https://goo.gl/fbAQLP

exports[`expect to render Row component 1`] = `ShallowWrapper {}`;
