// Jest Snapshot v1, https://goo.gl/fbAQLP

exports[`expect to render ViewData component 1`] = `ShallowWrapper {}`;
